2026-07-12T05:33:12.805Z | Player 426103b5-fa10-4a0e-92c6-d454da65b5e1 joined room: lobby
2026-07-12T05:33:12.816Z | Player c77974a0-a846-43ab-bff3-ff946d11c077 joined room: lobby
2026-07-12T05:33:12.828Z | Player aee3af85-21f9-4743-805a-e25deb1fd063 joined room: lobby
2026-07-12T05:34:10.946Z | Player 9f39b6ba-dd0c-47dc-b833-2b3b26742006 joined room: lobby
2026-07-12T05:34:10.959Z | Player a696481f-8f11-45d4-a3c8-82a0843a983b joined room: lobby
2026-07-12T05:34:10.970Z | Player f29a2fad-0cc6-4da9-8bd0-71916d60dbdb joined room: lobby
2026-07-12T05:34:42.154Z | Player af759791-d2c0-4376-bdae-9d4b4aa58f2e joined room: lobby
2026-07-12T05:34:42.166Z | Player fe4486bb-80b4-48f2-9176-dbfc80766114 joined room: lobby
2026-07-12T05:34:42.308Z | Player 356d2330-124f-4af8-9641-1dad75ead4d0 joined room: lobby
2026-07-12T05:34:42.322Z | Player 7be1e163-7191-4ad1-bf87-2f9192afddbb joined room: lobby
2026-07-12T05:35:02.539Z | Player 5487721b-40a3-4ce3-8b70-2087dde2f3f5 joined room: lobby
2026-07-12T05:35:02.552Z | Player 7f592013-efae-4562-a589-f10890bc8c44 joined room: lobby
2026-07-12T05:35:02.564Z | Player 927c0e0d-2532-40f9-b37e-588f1f4c3ca2 joined room: lobby
2026-07-12T05:35:04.729Z | Player a90c95f5-7b58-4ec5-a939-0c58fc15c89d joined room: lobby
2026-07-12T05:35:04.744Z | Player 998a9cad-e10b-4e03-8226-64ae80dc2396 joined room: lobby
2026-07-12T05:35:04.757Z | Player c4273faa-ac9c-4822-847a-768c70e41cd8 joined room: lobby
2026-07-12T05:35:44.638Z | Player 6e6e60bf-11b2-4163-8c77-c10fdfa31ffd joined room: lobby
2026-07-12T05:35:44.650Z | Player e6d47687-4918-4f0a-9e8c-31d6da37211b joined room: lobby
2026-07-12T05:35:44.662Z | Player c8d37b6b-34d7-4093-a36a-ba5e38254f20 joined room: lobby
2026-07-12T05:35:54.339Z | Player dec89a9f-ce35-4ca7-87e6-4e62b330c9f1 joined room: lobby
2026-07-12T05:35:54.351Z | Player 150f8397-0690-4214-91b7-7c40bf60f28c joined room: lobby
2026-07-12T05:35:54.362Z | Player ed0c16ae-2842-46df-91b3-607a946f018a joined room: lobby
2026-07-12T05:35:55.573Z | Player 3ccbac65-3e7a-48e8-979f-8fef61b36101 joined room: lobby
2026-07-12T05:35:55.586Z | Player 4e0dc7cb-d8b3-4196-9192-7e84fceddff1 joined room: lobby
2026-07-12T05:35:55.599Z | Player 0c99124c-cbca-4f39-ba02-386a7e534d6d joined room: lobby
2026-07-12T05:36:18.494Z | Player c143836b-b24c-4ec1-80b1-8f7da8499c49 joined room: lobby
2026-07-12T05:36:18.508Z | Player 8d248bd0-548c-4ab0-98cb-0394ea4e3b6e joined room: lobby
2026-07-12T05:36:18.520Z | Player 6e2147f3-87aa-4be6-af26-7051e964316e joined room: lobby
2026-07-12T05:36:19.181Z | Player 640979f4-75fe-4625-a2e3-d1e4aa56deaf joined room: lobby
2026-07-12T05:36:19.193Z | Player 12438f2d-e7e5-4c2f-a0af-4a55f24d3a5c joined room: lobby
2026-07-12T05:36:19.205Z | Player 0dc5fe01-e2a6-4ffc-b27e-d146c4381db1 joined room: lobby
2026-07-12T05:36:29.959Z | Player f3ec0b0f-a3d7-4eac-bd59-d485fe2cfc08 joined room: lobby
2026-07-12T05:36:29.970Z | Player 653723be-cbe6-4c5c-b1ae-ec74d5b98e8a joined room: lobby
2026-07-12T05:36:29.981Z | Player 9a6fb65f-cadc-4708-8cd9-913737f16e3b joined room: lobby
2026-07-12T05:36:44.717Z | Player e95f31c8-bca0-4fb5-976c-1584e3e2c4e4 joined room: lobby
2026-07-12T05:36:44.729Z | Player c1cb6aa0-7745-46e6-b9e2-e4066640e58a joined room: lobby
2026-07-12T05:36:44.741Z | Player df2ecdf4-e806-41ac-b06e-4b4d32f97818 joined room: lobby
2026-07-12T05:36:46.008Z | Player e4383d24-60df-49cd-9799-19bfc3e9bfff joined room: lobby
2026-07-12T05:36:46.020Z | Player ee88c0eb-1daf-47d3-8d0d-2f3f04c58e47 joined room: lobby
2026-07-12T05:36:46.037Z | Player db0bd31b-bd06-4063-8b68-ce041b52590d joined room: lobby
2026-07-12T05:37:25.065Z | Player b4a67157-e78a-4729-86ad-7968115b78e4 joined room: lobby
2026-07-12T05:37:25.077Z | Player d4314d57-0601-4383-9c04-2901870b8ede joined room: lobby
2026-07-12T05:37:25.089Z | Player ae2c4d11-a207-4a36-bb6c-a9e73aeec1ae joined room: lobby
2026-07-12T05:37:26.586Z | Player 6b8fe315-080e-431e-9563-6bce14d042fd joined room: lobby
2026-07-12T05:37:26.598Z | Player f5ee1198-dd60-40b8-a33b-1831972122ba joined room: lobby
2026-07-12T05:37:26.609Z | Player 69240238-330a-4e9d-9b47-ecf4ca6071ff joined room: lobby
2026-07-12T05:37:36.420Z | Player ddff0905-cf84-4474-9ba8-cb411474da7f joined room: lobby
2026-07-12T05:37:36.431Z | Player bce7ce95-800a-4314-8899-a077f82f145a joined room: lobby
2026-07-12T05:37:36.444Z | Player cc1ce204-c2d0-494a-9512-5f9cf8b9f724 joined room: lobby
2026-07-12T05:37:43.003Z | Player 4a42d232-95db-42ae-8fbc-d02d8a661a49 joined room: lobby
2026-07-12T05:37:43.014Z | Player de6e6ad2-11da-4857-aa5e-6342c26b4a7b joined room: lobby
2026-07-12T05:37:43.027Z | Player afcfdee2-61dc-4f1e-ba6d-15aae8021c3f joined room: lobby
2026-07-12T05:38:43.005Z | Player 0bb927cb-8f28-4800-9173-e9980c76db4f joined room: lobby
2026-07-12T05:38:43.017Z | Player 4dc49b08-c7df-4757-98b1-f2d46809ec1f joined room: lobby
2026-07-12T05:38:43.031Z | Player c4e986ad-933f-48ce-bd1c-c49e044b1a40 joined room: lobby
2026-07-12T05:38:49.689Z | Player 46506b4f-dc7c-4a16-b7f5-a7f63576d3ae joined room: lobby
2026-07-12T05:38:49.701Z | Player 50fe775c-0625-4714-b58e-2d17c41a099f joined room: lobby
2026-07-12T05:38:49.714Z | Player d812d6de-6617-41c2-b5fe-b84910ef1271 joined room: lobby
2026-07-12T05:38:50.452Z | Player e5ac1968-620f-4fad-8159-31d0dfc65e00 joined room: lobby
2026-07-12T05:38:50.464Z | Player 13187164-faa3-4135-808d-4f216d8ed809 joined room: lobby
2026-07-12T05:38:50.478Z | Player 6c03c367-6d77-4463-8269-0baa445182f6 joined room: lobby
2026-07-12T05:39:11.953Z | Player 085bdfda-0457-4305-a650-7ffc4d1092f3 joined room: lobby
2026-07-12T05:39:11.965Z | Player 7439360b-267d-4fd5-bbc5-c5723379a56c joined room: lobby
2026-07-12T05:39:11.976Z | Player ae3bd108-fb4c-4ad0-8022-751db3d48e53 joined room: lobby
2026-07-12T05:40:24.636Z | Player 03d12e57-dea2-4b82-87af-53041ba40c98 joined room: lobby
2026-07-12T05:40:24.654Z | Player 36b04a15-1199-4653-aee2-20e99704bfb3 joined room: lobby
2026-07-12T05:40:24.665Z | Player 9108ab6a-affd-4db3-b197-45f7866baaf9 joined room: lobby
2026-07-12T05:40:25.551Z | Player 75028849-e89a-4f58-b917-e4f10405d5c6 joined room: lobby
2026-07-12T05:40:25.562Z | Player 4c26ac4b-f127-41f1-bc23-b23cc4697bf3 joined room: lobby
2026-07-12T05:40:25.582Z | Player 436bf97b-b5f8-430c-bac0-cb6fb6c27221 joined room: lobby
2026-07-12T05:40:49.805Z | Player bd617560-6b50-4c77-bb97-2103226d38d4 joined room: lobby
2026-07-12T05:40:49.815Z | Player 9ddccf49-e7c5-4a51-9810-f40435cb80c0 joined room: lobby
2026-07-12T05:40:49.827Z | Player f799b4de-ccd4-4088-b7d1-f19d4e92cd11 joined room: lobby
2026-07-12T05:40:49.840Z | Player e7edd99b-7852-46ad-a2c3-fc16c3a6c135 joined room: lobby
2026-07-12T05:40:49.852Z | Player ab1626cb-d45e-4fe1-8403-228310558ff3 joined room: lobby
2026-07-12T05:40:50.584Z | Player a0b528d4-5f57-42dd-8309-431b4e23c244 joined room: lobby
2026-07-12T05:40:50.594Z | Player 17acd53f-918f-4d19-a22d-8189e5f8ceca joined room: lobby
2026-07-12T05:40:50.607Z | Player a5133e73-913a-48be-bb53-0ff150e64203 joined room: lobby
2026-07-12T05:40:50.621Z | Player e9f8a75f-8ab4-48de-8b0d-899cec1f3c8b joined room: lobby
2026-07-12T05:40:50.632Z | Player 5ff8869c-8b63-4795-849e-7621fa6f5e55 joined room: lobby
2026-07-12T05:41:40.771Z | Player e41153f9-5a27-43b1-8c42-a76141b551e2 joined room: lobby
2026-07-12T05:41:40.781Z | Player 19dc8aaa-5566-4740-8ce1-2e04584100e4 joined room: lobby
2026-07-12T05:41:40.794Z | Player f3ccffcd-0a8e-4f38-b149-bc54efb04ba5 joined room: lobby
2026-07-12T05:41:40.807Z | Player cfb1e7f4-525c-4c6a-8eff-d90b3dfc6058 joined room: lobby
2026-07-12T05:41:40.819Z | Player 1e5db37d-8ca7-4a9a-97ed-19a1e296dc5b joined room: lobby
2026-07-12T05:41:45.243Z | Player b0d59899-76cc-486d-94a1-7f0d9ea79138 joined room: lobby
2026-07-12T05:41:45.255Z | Player 31b7cae0-2d65-442c-9788-16459da4464a joined room: lobby
2026-07-12T05:41:45.267Z | Player e6d43acc-cbf5-40a0-9aa8-9bd96f8cf3f4 joined room: lobby
2026-07-12T05:41:45.280Z | Player 61d8d9c1-2110-426b-b7f4-5874b1aef8a8 joined room: lobby
2026-07-12T05:41:45.292Z | Player 857b1920-3326-4b8d-959f-a3e537c17e01 joined room: lobby
2026-07-12T05:42:44.764Z | Player 4b0b749b-ab7f-4771-8291-11f96ee4e2d3 joined room: lobby
2026-07-12T05:42:44.776Z | Player d077ac44-1515-465c-bcc3-aeefcd14b7d0 joined room: lobby
2026-07-12T05:42:44.788Z | Player 70f8a7d8-e617-411d-a466-e89fd948620c joined room: lobby
2026-07-12T05:42:44.800Z | Player 558d1c08-e9aa-4c15-9253-6991f80164a8 joined room: lobby
2026-07-12T05:42:44.813Z | Player ad5f86c5-7823-4b1b-afa5-07436d3827f6 joined room: lobby
2026-07-12T05:42:50.987Z | Player 67701b9e-e13a-4f61-ba44-7894ad39b763 joined room: lobby
2026-07-12T05:42:51.000Z | Player ae1d1c71-3ba5-4584-b971-3cd7e429680d joined room: lobby
2026-07-12T05:42:51.012Z | Player c67aeb16-ba51-457c-a52f-5d8ae5b42f7f joined room: lobby
2026-07-12T05:42:51.025Z | Player a3c7a4d2-e3a0-4e8f-9809-fe84744deb65 joined room: lobby
2026-07-12T05:42:51.036Z | Player c690d220-06e9-4dab-8566-635390743080 joined room: lobby
2026-07-12T05:42:52.432Z | Player 30607412-8b5d-4d77-928e-afc99fe6ca39 joined room: lobby
2026-07-12T05:42:52.443Z | Player 9327570a-737e-4e58-b091-d7e987a39074 joined room: lobby
2026-07-12T05:42:52.458Z | Player fd252c9e-0153-4dd1-85f7-9acc2b13d4fd joined room: lobby
2026-07-12T05:42:52.470Z | Player 76de7126-0445-486c-9275-4c0a2ba103ca joined room: lobby
2026-07-12T05:42:52.481Z | Player 8e2e2905-f454-4458-a844-99aaa899ba7f joined room: lobby
2026-07-12T05:43:34.083Z | Player 1bff8dbe-8ab5-4ff4-a589-632a36b7ad1b joined room: lobby
2026-07-12T05:43:34.094Z | Player 5087f40f-7fc0-4404-a7af-a2ca14d8f2b9 joined room: lobby
2026-07-12T05:43:34.107Z | Player 7432da7e-bd2c-414c-ad6d-6a932a28af0f joined room: lobby
2026-07-12T05:43:34.121Z | Player baaddc9c-73d9-4f55-8039-d857f43c29a6 joined room: lobby
2026-07-12T05:43:41.652Z | Player 9954d994-f78b-480f-aabf-f6ea746eb517 joined room: lobby
2026-07-12T05:43:41.664Z | Player d8fa8062-4e55-4d6e-921f-dff7e87d73ac joined room: lobby
2026-07-12T05:43:41.677Z | Player ca777c88-b455-4efe-bba1-e15f219ae13b joined room: lobby
2026-07-12T05:43:41.689Z | Player b840d188-30c8-483e-bf97-9a66fc13f548 joined room: lobby
2026-07-12T05:43:48.836Z | Player c0a0c1f6-01f6-49ea-ae22-efd51c152f81 joined room: lobby
2026-07-12T05:43:48.849Z | Player d32f73b4-384c-4ae0-ae8d-8791c11fdeaa joined room: lobby
2026-07-12T05:43:48.861Z | Player eba321b0-72d8-4ba1-8b63-b4e97dcaa900 joined room: lobby
2026-07-12T05:43:48.872Z | Player 7083d1ae-aeec-45e9-b765-78feb22f2311 joined room: lobby
2026-07-12T05:43:52.022Z | Player c0b27b29-0299-46c4-b7ee-0b67b613ba5c joined room: lobby
2026-07-12T05:43:52.034Z | Player 92b3ac22-e796-4e95-ba22-e69c9fe94c11 joined room: lobby
2026-07-12T05:43:52.047Z | Player 34d27562-6be0-4cce-a20e-794d02176ba8 joined room: lobby
2026-07-12T05:43:52.059Z | Player 82582664-9936-402b-9523-e712ff8b81df joined room: lobby
2026-07-12T05:44:09.457Z | Player e5ce9af3-2349-4ef0-aa16-0b84606b2dcd joined room: lobby
2026-07-12T05:44:09.468Z | Player 8bb55b1c-403b-47d0-ad9d-eb9a7b04ee0a joined room: lobby
2026-07-12T05:44:09.481Z | Player b5c5a17d-a42a-4495-8a37-fc1625629f8c joined room: lobby
2026-07-12T05:44:09.492Z | Player d796bbd7-b2f5-45cf-aec2-dc42cbe9f9c3 joined room: lobby
2026-07-12T05:44:18.069Z | Player 341df7de-92dd-41e9-8984-144c3dfcc513 joined room: lobby
2026-07-12T05:44:18.080Z | Player 9479e37b-17f8-4772-86bb-c0878ddb01ab joined room: lobby
2026-07-12T05:44:18.092Z | Player 98e5568b-dd14-4317-81df-2fc4c855ee0f joined room: lobby
2026-07-12T05:44:18.104Z | Player d44e0712-26ec-4ec0-bd3d-b14ffad72e2c joined room: lobby
2026-07-12T05:44:19.324Z | Player d5e9b5cf-1f11-4503-9d54-228f24e75886 joined room: lobby
2026-07-12T05:44:19.335Z | Player 5333bd9d-b09d-4cc0-8c6e-827facf3e481 joined room: lobby
2026-07-12T05:44:19.347Z | Player 6fa6ca51-31fb-44cf-9c7d-6ccb955847a0 joined room: lobby
2026-07-12T05:44:19.359Z | Player f984351c-1d2f-4217-8fb0-01533943b65f joined room: lobby
2026-07-12T05:44:19.371Z | Player 1d276287-8655-40e3-b01a-c3494d3f2450 joined room: lobby
2026-07-12T05:44:51.638Z | Player 84112cef-bbab-4a49-9458-8257c3f11899 joined room: lobby
2026-07-12T05:44:51.651Z | Player b32d1509-3fd7-4f34-be34-6f967a107cfb joined room: lobby
2026-07-12T05:44:51.666Z | Player 52a1159a-9861-456d-83a5-652d42cbd4d9 joined room: lobby
2026-07-12T05:44:51.680Z | Player c65a7244-6960-4eb6-a4da-53d7ff44b81b joined room: lobby
2026-07-12T05:44:52.555Z | Player d6aeee26-7a7f-466e-9ee4-82aeb9d2b144 joined room: lobby
2026-07-12T05:44:52.568Z | Player 4f7e8a39-c725-42d8-a812-5bab0d3ae4a4 joined room: lobby
2026-07-12T05:44:52.578Z | Player 53fbb9ac-9301-49a0-a140-5dd11060709c joined room: lobby
2026-07-12T05:44:52.592Z | Player 5d27c627-806a-49e1-ab9b-50a48bd9c3b2 joined room: lobby
2026-07-12T05:44:52.604Z | Player 2581eb6f-8946-464c-bcd4-27a6d74a154c joined room: lobby
2026-07-12T05:45:01.419Z | Player bc6beefe-1b4e-4da4-ac15-ebfaa769b584 joined room: lobby
2026-07-12T05:45:01.430Z | Player cbb76cb7-fe6b-4e9f-bdd9-40b3bf3ea76d joined room: lobby
2026-07-12T05:45:01.443Z | Player f040d99e-7b3e-4f31-9fc0-14e4f23505dc joined room: lobby
2026-07-12T05:45:01.455Z | Player d44eecf3-4efb-48e5-bf70-078540b6d24f joined room: lobby
2026-07-12T05:45:02.956Z | Player 1f40d527-8f23-42b5-a8db-49d0282e5487 joined room: lobby
2026-07-12T05:45:02.968Z | Player e55a9f41-6eca-46e1-86ae-b4d449cf54e4 joined room: lobby
2026-07-12T05:45:02.980Z | Player 7c5d7b33-3eac-4002-a4b7-1792a546f3e2 joined room: lobby
2026-07-12T05:45:02.993Z | Player 4774f742-3d08-4f51-a640-6a4cbd293cf8 joined room: lobby
2026-07-12T05:45:05.639Z | Player 9b45a268-96e2-4f9b-be5b-cf7b9bdbdeb0 joined room: lobby
2026-07-12T05:45:05.649Z | Player e0df7cdf-988b-4ce8-9773-cf2e60824024 joined room: lobby
2026-07-12T05:45:05.662Z | Player 101af8c6-4519-4110-8831-3206c850f0b8 joined room: lobby
2026-07-12T05:45:05.674Z | Player c141095e-c3ea-44b6-9958-35dab1ae752c joined room: lobby
2026-07-12T05:45:07.807Z | Player d2e3ee9b-b9f3-4d88-af26-4f8ad9341a7b joined room: lobby
2026-07-12T05:45:07.818Z | Player 2d8bc8b4-657e-4078-a7a0-f8d58d8e20b7 joined room: lobby
2026-07-12T05:45:07.831Z | Player 6c9fdca2-f704-4607-bbe5-8a5379ba1bdb joined room: lobby
2026-07-12T05:45:07.881Z | Player aefb7a89-0954-4b60-9c95-c838f14ad0d9 joined room: lobby
2026-07-12T05:45:12.665Z | Player 6907a04f-21d7-440f-8d91-20e14927e6d9 joined room: lobby
2026-07-12T05:45:12.676Z | Player 1d78aa17-4d44-4214-becb-5e652375452a joined room: lobby
2026-07-12T05:45:12.887Z | Player 0d218e48-53c8-4b7a-a5ff-c0066250a119 joined room: lobby
2026-07-12T05:45:12.900Z | Player 13d4ecd2-1846-491f-a7a3-11ec5b256dc6 joined room: lobby
2026-07-12T05:45:13.677Z | Player 82668c8c-2177-42b8-8052-da65bdef8344 joined room: lobby
2026-07-12T05:45:13.691Z | Player dacae4f9-8051-40e3-b0f5-ba9c05857e60 joined room: lobby
2026-07-12T05:45:13.892Z | Player 1e5c6e92-4bb1-4bce-a9da-2f8f1ee010f7 joined room: lobby
2026-07-12T05:45:13.904Z | Player ca0d052e-8464-4dbc-87d0-7715b0e00cda joined room: lobby
2026-07-12T06:03:01.923Z | Player 40f61f4c-74dd-4da2-a67d-a330f4925910 joined room: lobby
2026-07-12T06:03:01.934Z | Player 87520305-38dd-4201-8137-9ba325f5203c joined room: lobby
2026-07-12T06:03:02.153Z | Player 1a7f7ea3-2f2e-4f5a-baf2-001f4e0a7f1b joined room: lobby
2026-07-12T06:03:02.168Z | Player 590f1731-6635-494c-b276-96063cb11aba joined room: lobby
2026-07-12T06:03:09.273Z | Player 3a14b488-2e44-439e-96b6-6defd70c14a5 joined room: lobby
2026-07-12T06:03:09.286Z | Player 72afde9d-2b72-4cc9-bc9a-42b4a3f0eeea joined room: lobby
2026-07-12T06:03:09.538Z | Player 04bb2fc1-e5b1-4296-8dd2-7f11828cdad7 joined room: lobby
2026-07-12T06:03:09.549Z | Player 4fff73db-a7ce-49ca-b14b-87c922b1a9f5 joined room: lobby
2026-07-12T06:05:52.092Z | Player 6eb43bbe-5836-43c3-9d4f-813f023a9a88 joined room: lobby
2026-07-12T06:05:52.104Z | Player ad044ec1-6c40-468e-bcb7-803f25817bfc joined room: lobby
2026-07-12T06:05:52.387Z | Player 73067236-d655-4333-b1bf-cd3d0a3e338a joined room: lobby
2026-07-12T06:05:52.399Z | Player c8a7def5-f761-4521-8de6-53a413e0a55c joined room: lobby
2026-07-12T06:06:12.333Z | Player 55d06709-90a9-48cd-90d8-f652f47109f4 joined room: lobby
2026-07-12T06:06:12.345Z | Player cef37643-8436-446f-b397-2793b415c267 joined room: lobby
2026-07-12T06:06:12.564Z | Player a1fcfea4-fd98-4328-8b37-e32933280398 joined room: lobby
2026-07-12T06:06:12.576Z | Player 35db6c1f-a112-44f2-94c1-08b5ab94d454 joined room: lobby
2026-07-12T06:06:51.940Z | Player 66f7606a-5b00-472d-9b5e-75a2b88bfb51 joined room: lobby
2026-07-12T06:06:51.952Z | Player c5b9d1c1-5b3a-4675-9049-0d59898d08e7 joined room: lobby
2026-07-12T06:06:52.143Z | Player 0c1ee121-bcc7-4119-bd47-5820b34030d2 joined room: lobby
2026-07-12T06:06:52.155Z | Player d5eb72fb-cfed-4dc6-83a3-924439d12dce joined room: lobby
2026-07-12T06:07:58.107Z | Player d62b20fe-ec70-4cf2-a83f-0395826ebde5 joined room: lobby
2026-07-12T06:07:58.120Z | Player fc5f37b8-e911-4e67-af21-0b068358594c joined room: lobby
2026-07-12T06:07:58.853Z | Player 31eed284-5380-4da0-bd64-8507e4cb63e9 joined room: lobby
2026-07-12T06:07:58.866Z | Player 827a44f6-0d17-4f6a-addc-8252c23788bd joined room: lobby
2026-07-12T06:07:59.062Z | Player 53e17dde-41ad-40c2-baae-1b39937db137 joined room: lobby
2026-07-12T06:07:59.075Z | Player f9cff043-b92c-4e54-b3da-38f00e7c3c25 joined room: lobby
2026-07-12T06:08:27.681Z | Player 68aafd7a-2fe0-4437-9b18-8aa3a140d0dc joined room: lobby
2026-07-12T06:08:27.693Z | Player 2adce308-1d38-470a-94f8-3484c9e9e4f2 joined room: lobby
2026-07-12T06:08:27.883Z | Player 1c66eb24-c914-4093-8af6-a6e8dfb16b68 joined room: lobby
2026-07-12T06:08:27.896Z | Player 33688ae3-3178-41d8-88df-11bef79ee23a joined room: lobby
2026-07-12T06:10:00.717Z | Player 0a353913-8b06-43d9-9005-f0b990e6eb38 joined room: lobby
2026-07-12T06:10:00.730Z | Player 45c4d103-68e3-466c-b6c5-d1d81595372a joined room: lobby
2026-07-12T06:10:38.929Z | Player b90b8117-2675-4edc-ac62-77716fded7ff joined room: lobby
2026-07-12T06:10:38.940Z | Player 9dc24439-405e-42c1-95da-85e7856fe846 joined room: lobby
2026-07-12T06:10:39.136Z | Player b98263b5-187c-48d9-a06e-7f85f0a2f1b0 joined room: lobby
2026-07-12T06:10:39.148Z | Player 3bc279ad-e1a1-4557-b40a-be004e5e95ca joined room: lobby
2026-07-12T06:11:59.275Z | Player 1e270ce9-f925-4e2f-9a06-dd0d205bc9e7 joined room: lobby
2026-07-12T06:11:59.287Z | Player 0caf7c16-8542-46a8-821d-ccc04ca54625 joined room: lobby
2026-07-12T06:11:59.485Z | Player 1fb8b5e8-ac90-4964-94de-32ac255143f9 joined room: lobby
2026-07-12T06:11:59.498Z | Player ffc42fcf-604d-445a-9e31-e6497e982817 joined room: lobby
2026-07-12T06:12:06.164Z | Player bd8f8aa4-afe5-442e-9fd6-920e57f169a7 joined room: lobby
2026-07-12T06:12:06.177Z | Player 943fc155-08b8-4a4e-9048-3b1e792ab721 joined room: lobby
2026-07-12T06:12:06.361Z | Player 10bda93a-7872-482f-9385-b417d7344bd3 joined room: lobby
2026-07-12T06:12:06.373Z | Player a6e667a6-7df6-4432-a249-23a779805b4a joined room: lobby
2026-07-12T06:12:35.993Z | Player e1169272-7343-4e14-90e5-ffd24fc09013 joined room: lobby
2026-07-12T06:12:36.005Z | Player 302e657f-60e4-4e48-8d58-915969c16c40 joined room: lobby
2026-07-12T06:12:36.210Z | Player a45aa10a-38a7-4442-8aeb-fe771e63e7a1 joined room: lobby
2026-07-12T06:12:36.223Z | Player bb8706ec-ccde-491f-8dce-c98c1da5813a joined room: lobby
2026-07-12T06:12:40.423Z | Player 8b7ee8ba-690f-4ebd-bf78-21e7d8fff5fa joined room: lobby
2026-07-12T06:12:40.434Z | Player 90402767-3ce5-4c04-95cb-d4a955a6f727 joined room: lobby
2026-07-12T06:12:40.621Z | Player 6d252782-f7ec-4bb3-86de-2b420586a001 joined room: lobby
2026-07-12T06:12:40.633Z | Player be68c5e3-b0d9-49c0-9560-9e0cc1350079 joined room: lobby
